// Generated by amalgamate.py
#ifndef AMALGAMATE_GUARD__INCLUDE_H_
#define AMALGAMATE_GUARD__INCLUDE_H_
/**
 * This is a test header prologue file.
 */

// -------------------
// Start include/all.h
// -------------------
#ifndef ALL_H
#define ALL_H

// #include "foo.h"
// -------------------
// Start include/foo.h
// -------------------

#ifndef FOO_H
#define FOO_H

// #include "bar.h"
// #include <bar.h>
/* #include "bar.h" */
/* #include <bar.h> */

int foo();

#endif // FOO_H



// -----------------
// End include/foo.h
// -----------------

// #include "bar.h"
// -------------------
// Start include/bar.h
// -------------------
#ifndef BAR_H
#define BAR_H

// #include "foo.h" (already included)
// #include "pragma_once.h"
// ---------------------------
// Start include/pragma_once.h
// ---------------------------

int pragma_once();


// -------------------------
// End include/pragma_once.h
// -------------------------


// ---------------------
// Content include/bar.h
// ---------------------

int bar();

#endif // BAR_H



// -----------------
// End include/bar.h
// -----------------

// #include "test.h"
// --------------------
// Start include/test.h
// --------------------

#ifndef TEST_H
#define TEST_H

#undef NDEBUG
#include <assert.h>

#endif // TEST_H



// ------------------
// End include/test.h
// ------------------

// #include "pragma_once.h" (already included)
// #include "more/in_nested_dir.h"
// ----------------------------------
// Start include/more/in_nested_dir.h
// ----------------------------------
#include <time.h>
// #include "local.h"
// --------------------------
// Start include/more/local.h
// --------------------------

#ifndef LOCAL_H
#define LOCAL_H

int local();

#endif // LOCAL_H



// ------------------------
// End include/more/local.h
// ------------------------


// ------------------------------------
// Content include/more/in_nested_dir.h
// ------------------------------------

int in_nested_dir = 0;


// --------------------------------
// End include/more/in_nested_dir.h
// --------------------------------


// ---------------------
// Content include/all.h
// ---------------------

#endif // ALL_H



// -----------------
// End include/all.h
// -----------------

#endif // #ifndef AMALGAMATE_GUARD__INCLUDE_H_