// Generated by amalgamate.py
#ifndef AMALGAMATE_GUARD__SOURCE_C_
#define AMALGAMATE_GUARD__SOURCE_C_
/**
 * This is a test source prologue file.
 */

// -------------------
// Start source/main.c
// -------------------

#include <stdio.h>
#include <stdlib.h>

char quote = '"';

const char* empty = "";
const char* wrap_begin = "begin";

// #include "bar.h"
// -------------------
// Start include/bar.h
// -------------------
#ifndef BAR_H
#define BAR_H

// #include "foo.h"
// -------------------
// Start include/foo.h
// -------------------

#ifndef FOO_H
#define FOO_H

// #include "bar.h"
// #include <bar.h>
/* #include "bar.h" */
/* #include <bar.h> */

int foo();

#endif // FOO_H



// -----------------
// End include/foo.h
// -----------------

// #include "pragma_once.h"
// ---------------------------
// Start include/pragma_once.h
// ---------------------------

int pragma_once();


// -------------------------
// End include/pragma_once.h
// -------------------------


// ---------------------
// Content include/bar.h
// ---------------------

int bar();

#endif // BAR_H



// -----------------
// End include/bar.h
// -----------------

// #include "test.h"
// --------------------
// Start include/test.h
// --------------------

#ifndef TEST_H
#define TEST_H

#undef NDEBUG
#include <assert.h>

#endif // TEST_H



// ------------------
// End include/test.h
// ------------------

// #include "pragma_once.h" (already included)
// #include "more/in_nested_dir.h"
// ----------------------------------
// Start include/more/in_nested_dir.h
// ----------------------------------
#include <time.h>
// #include "local.h"
// --------------------------
// Start include/more/local.h
// --------------------------

#ifndef LOCAL_H
#define LOCAL_H

int local();

#endif // LOCAL_H



// ------------------------
// End include/more/local.h
// ------------------------


// ------------------------------------
// Content include/more/in_nested_dir.h
// ------------------------------------

int in_nested_dir = 0;


// --------------------------------
// End include/more/in_nested_dir.h
// --------------------------------


const char* wrap_end = "end";

/* " */ // #include <more/baz.h>
// ------------------------
// Start include/more/baz.h
// ------------------------

int baz = 0;


// ----------------------
// End include/more/baz.h
// ----------------------


// ---------------------
// Content source/main.c
// ---------------------

 // "

const char* include_foo1 = "#include \"foo.h\"";
const char* include_bar1 = "#include \"bar.h\"";
const char* include_test1 = "\"#include \"test.h\"\"";

const char* include_foo2 = "#include <foo.h>";
const char* include_bar2 = "#include <bar.h>";
const char* include_test2 = "\"#include <test.h>\"";

const char* include_multiple = "\
#include <foo.h> \
#include <bar.h> \
\"#include <test.h>\" \
";

const char* include_concat = """#include <foo.h>";

int main(int argc, char* argv[])
{
	(void)argc;
	printf("%s\n", argv[0]);
	assert(foo() == 1);
	assert(bar() == 2);
	return EXIT_SUCCESS;
}



// -----------------
// End source/main.c
// -----------------

// ------------------
// Start source/foo.c
// ------------------

// #include "foo.h" (already included)

inline int foo()
{
	return 1;
}



// ----------------
// End source/foo.c
// ----------------

// ------------------
// Start source/bar.c
// ------------------

// #include "bar.h" (already included)

inline int bar()
{
	return 1 + foo();
}



// ----------------
// End source/bar.c
// ----------------

#endif // #ifndef AMALGAMATE_GUARD__SOURCE_C_